[INFO] Scanning for projects...
[INFO] 
[INFO] -------------------------< com.example:java-2 >-------------------------
[INFO] Building java-2 0.0.1-SNAPSHOT
[INFO]   from pom.xml
[INFO] --------------------------------[ jar ]---------------------------------
[INFO] 
[INFO] >>> spring-boot:4.1.0:run (default-cli) > test-compile @ java-2 >>>
[INFO] 
[INFO] --- resources:3.5.0:resources (default-resources) @ java-2 ---
[INFO] Copying 1 resource from src\main\resources to target\classes
[INFO] Copying 2 resources from src\main\resources to target\classes
[INFO] 
[INFO] --- compiler:3.15.0:compile (default-compile) @ java-2 ---
[INFO] Nothing to compile - all classes are up to date.
[INFO] 
[INFO] --- resources:3.5.0:testResources (default-testResources) @ java-2 ---
[INFO] skip non existing resourceDirectory C:\000\code\java-web\java-2\src\test\resources
[INFO] 
[INFO] --- compiler:3.15.0:testCompile (default-testCompile) @ java-2 ---
[INFO] No sources to compile
[INFO] 
[INFO] <<< spring-boot:4.1.0:run (default-cli) < test-compile @ java-2 <<<
[INFO] 
[INFO] 
[INFO] --- spring-boot:4.1.0:run (default-cli) @ java-2 ---
[INFO] Attaching agents: []

  .   ____          _            __ _ _
 /\\ / ___'_ __ _ _(_)_ __  __ _ \ \ \ \
( ( )\___ | '_ | '_| | '_ \/ _` | \ \ \ \
 \\/  ___)| |_)| | | | | || (_| |  ) ) ) )
  '  |____| .__|_| |_|_| |_\__, | / / / /
 =========|_|==============|___/=/_/_/_/

 :: Spring Boot ::                (v4.1.0)

2026-07-07T19:20:38.390+08:00  INFO 36004 --- [java-2] [           main] com.example.java2.Java2Application       : Starting Java2Application using Java 25.0.1 with PID 36004 (C:\000\code\java-web\java-2\target\classes started by syb in C:\000\code\java-web\java-2)
2026-07-07T19:20:38.392+08:00  INFO 36004 --- [java-2] [           main] com.example.java2.Java2Application       : No active profile set, falling back to 1 default profile: "default"
2026-07-07T19:20:38.883+08:00  INFO 36004 --- [java-2] [           main] .s.d.r.c.RepositoryConfigurationDelegate : Bootstrapping Spring Data JPA repositories in DEFAULT mode.
2026-07-07T19:20:38.937+08:00  INFO 36004 --- [java-2] [           main] .s.d.r.c.RepositoryConfigurationDelegate : Finished Spring Data repository scanning in 47 ms. Found 9 JPA repository interfaces.
2026-07-07T19:20:39.306+08:00  INFO 36004 --- [java-2] [           main] o.s.boot.tomcat.TomcatWebServer          : Tomcat initialized with port 8088 (http)
2026-07-07T19:20:39.321+08:00  INFO 36004 --- [java-2] [           main] o.apache.catalina.core.StandardService   : Starting service [Tomcat]
2026-07-07T19:20:39.321+08:00  INFO 36004 --- [java-2] [           main] o.apache.catalina.core.StandardEngine    : Starting Servlet engine: [Apache Tomcat/11.0.22]
2026-07-07T19:20:39.379+08:00  INFO 36004 --- [java-2] [           main] b.w.c.s.WebApplicationContextInitializer : Root WebApplicationContext: initialization completed in 946 ms
2026-07-07T19:20:39.505+08:00  INFO 36004 --- [java-2] [           main] org.hibernate.orm.jpa                    : HHH008540: Processing PersistenceUnitInfo [name: default]
2026-07-07T19:20:39.557+08:00  INFO 36004 --- [java-2] [           main] org.hibernate.orm.core                   : HHH000001: Hibernate ORM core version 7.4.1.Final
2026-07-07T19:20:39.885+08:00  INFO 36004 --- [java-2] [           main] o.s.o.j.p.SpringPersistenceUnitInfo      : No LoadTimeWeaver setup: ignoring JPA class transformer
2026-07-07T19:20:39.914+08:00  INFO 36004 --- [java-2] [           main] com.zaxxer.hikari.HikariDataSource       : HikariPool-1 - Starting...
2026-07-07T19:20:40.111+08:00  INFO 36004 --- [java-2] [           main] com.zaxxer.hikari.pool.HikariPool        : HikariPool-1 - Added connection conn0: url=jdbc:h2:file:./data/securitydb user=SA
2026-07-07T19:20:40.112+08:00  INFO 36004 --- [java-2] [           main] com.zaxxer.hikari.HikariDataSource       : HikariPool-1 - Start completed.
2026-07-07T19:20:40.135+08:00  WARN 36004 --- [java-2] [           main] org.hibernate.orm.deprecation            : HHH90000025: H2Dialect does not need to be specified explicitly using 'hibernate.dialect' (remove the property setting and it will be selected by default)
2026-07-07T19:20:40.152+08:00  INFO 36004 --- [java-2] [           main] org.hibernate.orm.connections.pooling    : HHH10001005: Database info:
	Database JDBC URL [jdbc:h2:file:./data/securitydb]
	Database driver: H2 JDBC Driver
	Database dialect: H2Dialect
	Database version: 2.4.240
	Default catalog/schema: SECURITYDB/PUBLIC
	Autocommit mode: undefined/unknown
	Isolation level: READ_COMMITTED [default READ_COMMITTED]
	JDBC fetch size: 100
	Pool: DataSourceConnectionProvider
	Minimum pool size: undefined/unknown
	Maximum pool size: undefined/unknown
2026-07-07T19:20:40.918+08:00  INFO 36004 --- [java-2] [           main] org.hibernate.orm.core                   : HHH000489: No JTA platform available (set 'hibernate.transaction.jta.platform' to enable JTA platform integration)
Hibernate: alter table if exists article_like drop constraint if exists UKn7s526jelfm27y1b2byc836t2
Hibernate: alter table if exists article_like add constraint UKn7s526jelfm27y1b2byc836t2 unique (user_id, article_id)
Hibernate: alter table if exists favorite drop constraint if exists UKfrv9otmiuv9egyrw7obn1hklk
Hibernate: alter table if exists favorite add constraint UKfrv9otmiuv9egyrw7obn1hklk unique (user_id, article_id)
2026-07-07T19:20:40.974+08:00  INFO 36004 --- [java-2] [           main] j.LocalContainerEntityManagerFactoryBean : Initialized JPA EntityManagerFactory for persistence unit 'default'
2026-07-07T19:20:41.039+08:00  INFO 36004 --- [java-2] [           main] o.s.d.j.r.query.QueryEnhancerFactories   : Hibernate is in classpath; If applicable, HQL parser will be used.
2026-07-07T19:20:41.814+08:00  WARN 36004 --- [java-2] [           main] JpaBaseConfiguration$JpaWebConfiguration : spring.jpa.open-in-view is enabled by default. Therefore, database queries may be performed during view rendering. Explicitly configure spring.jpa.open-in-view to disable this warning
2026-07-07T19:20:41.825+08:00  INFO 36004 --- [java-2] [           main] o.s.b.w.a.WelcomePageHandlerMapping      : Adding welcome page: class path resource [static/index.html]
2026-07-07T19:20:42.034+08:00  INFO 36004 --- [java-2] [           main] o.s.b.h.a.H2ConsoleAutoConfiguration     : H2 console available at '/h2-console'. Database available at 'jdbc:h2:file:./data/securitydb'
2026-07-07T19:20:42.235+08:00  INFO 36004 --- [java-2] [           main] o.s.boot.tomcat.TomcatWebServer          : Tomcat started on port 8088 (http) with context path '/'
2026-07-07T19:20:42.238+08:00  INFO 36004 --- [java-2] [           main] com.example.java2.Java2Application       : Started Java2Application in 4.192 seconds (process running for 4.557)
Hibernate: select au1_0.id,au1_0.create_time,au1_0.display_name,au1_0.last_login_at,au1_0.password,au1_0.username from admin_user au1_0 where au1_0.username=?
Hibernate: select c1_0.id,c1_0.create_time,c1_0.description,c1_0.name,c1_0.sort_order from category c1_0 order by c1_0.sort_order
Hibernate: select c1_0.id,c1_0.create_time,c1_0.description,c1_0.name,c1_0.sort_order from category c1_0 order by c1_0.sort_order
Hibernate: select c1_0.id,c1_0.create_time,c1_0.description,c1_0.name,c1_0.sort_order from category c1_0 order by c1_0.sort_order
Hibernate: select c1_0.id,c1_0.create_time,c1_0.description,c1_0.name,c1_0.sort_order from category c1_0 order by c1_0.sort_order
Hibernate: select count(*) from article a1_0
Hibernate: select count(*) from question q1_0
2026-07-07T19:21:32.979+08:00  INFO 36004 --- [java-2] [nio-8088-exec-1] o.a.c.c.C.[Tomcat].[localhost].[/]       : Initializing Spring DispatcherServlet 'dispatcherServlet'
2026-07-07T19:21:32.983+08:00  INFO 36004 --- [java-2] [nio-8088-exec-1] o.s.web.servlet.DispatcherServlet        : Initializing Servlet 'dispatcherServlet'
2026-07-07T19:21:33.021+08:00  INFO 36004 --- [java-2] [nio-8088-exec-1] o.s.web.servlet.DispatcherServlet        : Completed initialization in 37 ms
2026-07-07T19:21:33.442+08:00  WARN 36004 --- [java-2] [nio-8088-exec-4] .w.s.m.s.DefaultHandlerExceptionResolver : Resolved [org.springframework.http.converter.HttpMessageNotReadableException: JSON parse error: Unexpected character ('u' (code 117)): was expecting double-quote to start property name]
Hibernate: select count(a1_0.id) from article a1_0 where a1_0.published=true
Hibernate: select count(*) from category c1_0
Hibernate: select count(*) from users u1_0
Hibernate: select count(*) from question q1_0
Hibernate: select count(*) from comment c1_0
Hibernate: select coalesce(sum(a1_0.view_count),0) from article a1_0
Hibernate: select count(*) from test_record tr1_0
Hibernate: select c1_0.id,c1_0.create_time,c1_0.description,c1_0.name,c1_0.sort_order from category c1_0 order by c1_0.sort_order
Hibernate: select count(a1_0.id) from article a1_0 where a1_0.category_id=?
Hibernate: select count(a1_0.id) from article a1_0 where a1_0.category_id=?
Hibernate: select count(a1_0.id) from article a1_0 where a1_0.category_id=?
Hibernate: select count(a1_0.id) from article a1_0 where a1_0.category_id=?
Hibernate: select au1_0.id,au1_0.create_time,au1_0.display_name,au1_0.last_login_at,au1_0.password,au1_0.username from admin_user au1_0 where au1_0.username=?
Hibernate: update admin_user set create_time=?,display_name=?,last_login_at=?,password=?,username=? where id=?
Hibernate: select au1_0.id,au1_0.create_time,au1_0.display_name,au1_0.last_login_at,au1_0.password,au1_0.username from admin_user au1_0 where au1_0.username=?
Hibernate: select au1_0.id,au1_0.create_time,au1_0.display_name,au1_0.last_login_at,au1_0.password,au1_0.username from admin_user au1_0 where au1_0.username=?
Hibernate: update admin_user set create_time=?,display_name=?,last_login_at=?,password=?,username=? where id=?
Hibernate: select au1_0.id,au1_0.create_time,au1_0.display_name,au1_0.last_login_at,au1_0.password,au1_0.username from admin_user au1_0 where au1_0.username=?
Hibernate: select count(a1_0.id) from article a1_0 where a1_0.published=true
Hibernate: select count(*) from category c1_0
Hibernate: select count(*) from users u1_0
Hibernate: select count(*) from question q1_0
Hibernate: select count(*) from comment c1_0
Hibernate: select coalesce(sum(a1_0.view_count),0) from article a1_0
Hibernate: select count(*) from test_record tr1_0
Hibernate: select a1_0.id,a1_0.category_id,a1_0.content,a1_0.create_time,a1_0.favorite_count,a1_0.like_count,a1_0.publish_time,a1_0.published,a1_0.summary,a1_0.title,a1_0.view_count from article a1_0 offset ? rows fetch first ? rows only
Hibernate: select c1_0.id,c1_0.create_time,c1_0.description,c1_0.name,c1_0.sort_order from category c1_0 where c1_0.id=?
Hibernate: select c1_0.id,c1_0.create_time,c1_0.description,c1_0.name,c1_0.sort_order from category c1_0 where c1_0.id=?
Hibernate: select c1_0.id,c1_0.create_time,c1_0.description,c1_0.name,c1_0.sort_order from category c1_0 where c1_0.id=?
Hibernate: select c1_0.id,c1_0.create_time,c1_0.description,c1_0.name,c1_0.sort_order from category c1_0 where c1_0.id=?
2026-07-07T19:25:25.356+08:00  WARN 36004 --- [java-2] [nio-8088-exec-6] ration$PageModule$WarningLoggingModifier : Serializing PageImpl instances as-is is not supported, meaning that there is no guarantee about the stability of the resulting JSON structure!
	For a stable JSON structure, please use Spring Data's PagedModel (globally via @EnableSpringDataWebSupport(pageSerializationMode = VIA_DTO))
	or Spring HATEOAS and Spring Data's PagedResourcesAssembler as documented in https://docs.spring.io/spring-data/commons/reference/repositories/core-extensions.html#core.web.pageables.

Hibernate: select c1_0.id,c1_0.create_time,c1_0.description,c1_0.name,c1_0.sort_order from category c1_0 order by c1_0.sort_order
Hibernate: select q1_0.id,q1_0.analysis,q1_0.answer_index,q1_0.category_id,q1_0.create_time,q1_0.optiona,q1_0.optionb,q1_0.optionc,q1_0.optiond,q1_0.score,q1_0.stem from question q1_0
Hibernate: select c1_0.id,c1_0.create_time,c1_0.description,c1_0.name,c1_0.sort_order from category c1_0 where c1_0.id=?
Hibernate: select c1_0.id,c1_0.create_time,c1_0.description,c1_0.name,c1_0.sort_order from category c1_0 where c1_0.id=?
Hibernate: select c1_0.id,c1_0.create_time,c1_0.description,c1_0.name,c1_0.sort_order from category c1_0 where c1_0.id=?
Hibernate: select c1_0.id,c1_0.create_time,c1_0.description,c1_0.name,c1_0.sort_order from category c1_0 where c1_0.id=?
Hibernate: select c1_0.id,c1_0.create_time,c1_0.description,c1_0.name,c1_0.sort_order from category c1_0 order by c1_0.sort_order
Hibernate: select c1_0.id,c1_0.create_time,c1_0.description,c1_0.name,c1_0.sort_order from category c1_0 order by c1_0.sort_order
Hibernate: select count(a1_0.id) from article a1_0 where a1_0.category_id=?
Hibernate: select c1_0.id,c1_0.create_time,c1_0.description,c1_0.name,c1_0.sort_order from category c1_0 order by c1_0.sort_order
Hibernate: select count(a1_0.id) from article a1_0 where a1_0.category_id=?
Hibernate: select count(a1_0.id) from article a1_0 where a1_0.category_id=?
Hibernate: select count(a1_0.id) from article a1_0 where a1_0.category_id=?
